{"__type":"$$EventMessageAudit","id":"986e1697-1898-47c1-a415-8f4f40a8d3a6","ts":"2026-05-02T20:10:29.104+00:00","eventName":"n8n.audit.workflow.created","message":"n8n.audit.workflow.created","payload":{"userId":"8759ff25-d76b-4b0e-93b3-3d9d283d6775","_email":"benluong1802@gmail.com","_firstName":"Ben","_lastName":"Luong","globalRole":"global:owner","workflowId":"WH2GL8ExBSOWYzMP","workflowName":"My workflow"}}
{"__type":"$$EventMessageConfirm","confirm":"986e1697-1898-47c1-a415-8f4f40a8d3a6","ts":"2026-05-02T20:10:29.104+00:00","source":{"id":"0","name":"eventBus"}}
{"__type":"$$EventMessageAudit","id":"c329c9ed-091d-424d-99eb-7e926f34da14","ts":"2026-05-02T20:11:08.482+00:00","eventName":"n8n.audit.user.credentials.created","message":"n8n.audit.user.credentials.created","payload":{"userId":"8759ff25-d76b-4b0e-93b3-3d9d283d6775","_email":"benluong1802@gmail.com","_firstName":"Ben","_lastName":"Luong","globalRole":"global:owner","credentialType":"googleDriveOAuth2Api","credentialId":"qYcGlZPcvqsqCGUa","publicApi":false,"projectId":"RF8QgbQ9YZE4HCt9","projectType":"personal","isDynamic":false}}
{"__type":"$$EventMessageConfirm","confirm":"c329c9ed-091d-424d-99eb-7e926f34da14","ts":"2026-05-02T20:11:08.482+00:00","source":{"id":"0","name":"eventBus"}}
{"__type":"$$EventMessageAudit","id":"b516ba16-f21a-4188-89b5-a5af9ccb9b02","ts":"2026-05-02T20:11:10.048+00:00","eventName":"n8n.audit.workflow.updated","message":"n8n.audit.workflow.updated","payload":{"userId":"8759ff25-d76b-4b0e-93b3-3d9d283d6775","_email":"benluong1802@gmail.com","_firstName":"Ben","_lastName":"Luong","globalRole":"global:owner","workflowId":"WH2GL8ExBSOWYzMP","workflowName":"My workflow"}}
{"__type":"$$EventMessageConfirm","confirm":"b516ba16-f21a-4188-89b5-a5af9ccb9b02","ts":"2026-05-02T20:11:10.048+00:00","source":{"id":"0","name":"eventBus"}}
{"__type":"$$EventMessageAudit","id":"1a4b0c3e-5f6e-436a-85f3-78f7f1b888a5","ts":"2026-05-02T20:11:49.889+00:00","eventName":"n8n.audit.user.credentials.created","message":"n8n.audit.user.credentials.created","payload":{"userId":"8759ff25-d76b-4b0e-93b3-3d9d283d6775","_email":"benluong1802@gmail.com","_firstName":"Ben","_lastName":"Luong","globalRole":"global:owner","credentialType":"gmailOAuth2","credentialId":"es5D7uUrPyALqaWl","publicApi":false,"projectId":"RF8QgbQ9YZE4HCt9","projectType":"personal","isDynamic":false}}
{"__type":"$$EventMessageConfirm","confirm":"1a4b0c3e-5f6e-436a-85f3-78f7f1b888a5","ts":"2026-05-02T20:11:49.889+00:00","source":{"id":"0","name":"eventBus"}}
{"__type":"$$EventMessageAudit","id":"bc1c43a4-9321-45e4-bd2b-9e8898031938","ts":"2026-05-02T20:11:51.517+00:00","eventName":"n8n.audit.workflow.updated","message":"n8n.audit.workflow.updated","payload":{"userId":"8759ff25-d76b-4b0e-93b3-3d9d283d6775","_email":"benluong1802@gmail.com","_firstName":"Ben","_lastName":"Luong","globalRole":"global:owner","workflowId":"WH2GL8ExBSOWYzMP","workflowName":"My workflow"}}
{"__type":"$$EventMessageConfirm","confirm":"bc1c43a4-9321-45e4-bd2b-9e8898031938","ts":"2026-05-02T20:11:51.517+00:00","source":{"id":"0","name":"eventBus"}}
{"__type":"$$EventMessageAudit","id":"c6c1ad0d-f0df-4d04-9124-80b4755ac2bb","ts":"2026-05-02T20:12:00.452+00:00","eventName":"n8n.audit.workflow.executed","message":"n8n.audit.workflow.executed","payload":{"userId":"8759ff25-d76b-4b0e-93b3-3d9d283d6775","_email":"benluong1802@gmail.com","_firstName":"Ben","_lastName":"Luong","globalRole":"global:owner","workflowId":"WH2GL8ExBSOWYzMP","workflowName":"My workflow","executionId":"1","source":"user-manual"}}
{"__type":"$$EventMessageConfirm","confirm":"c6c1ad0d-f0df-4d04-9124-80b4755ac2bb","ts":"2026-05-02T20:12:00.452+00:00","source":{"id":"0","name":"eventBus"}}
{"__type":"$$EventMessageWorkflow","id":"89810a5c-9ecf-481b-9309-00fae2c1f4d7","ts":"2026-05-02T20:12:00.452+00:00","eventName":"n8n.workflow.started","message":"n8n.workflow.started","payload":{"executionId":"1","workflowId":"WH2GL8ExBSOWYzMP","isManual":false,"mode":"manual","workflowName":"My workflow"}}
{"__type":"$$EventMessageConfirm","confirm":"89810a5c-9ecf-481b-9309-00fae2c1f4d7","ts":"2026-05-02T20:12:00.452+00:00","source":{"id":"0","name":"eventBus"}}
{"__type":"$$EventMessageNode","id":"a8d7cb75-e2a0-4b30-b51e-8d3a28a1acb3","ts":"2026-05-02T20:12:00.462+00:00","eventName":"n8n.node.started","message":"n8n.node.started","payload":{"workflowId":"WH2GL8ExBSOWYzMP","workflowName":"My workflow","executionId":"1","nodeType":"n8n-nodes-base.googleDriveTrigger","nodeName":"Google Drive Trigger","nodeId":"12f3c977-afcb-4569-86bf-9990305aaf7b"}}
{"__type":"$$EventMessageConfirm","confirm":"a8d7cb75-e2a0-4b30-b51e-8d3a28a1acb3","ts":"2026-05-02T20:12:00.462+00:00","source":{"id":"0","name":"eventBus"}}
{"__type":"$$EventMessageNode","id":"91dcd48b-4ca0-417d-a644-96337c75501d","ts":"2026-05-02T20:12:00.860+00:00","eventName":"n8n.node.finished","message":"n8n.node.finished","payload":{"workflowId":"WH2GL8ExBSOWYzMP","workflowName":"My workflow","executionId":"1","nodeType":"n8n-nodes-base.googleDriveTrigger","nodeName":"Google Drive Trigger","nodeId":"12f3c977-afcb-4569-86bf-9990305aaf7b"}}
{"__type":"$$EventMessageConfirm","confirm":"91dcd48b-4ca0-417d-a644-96337c75501d","ts":"2026-05-02T20:12:00.860+00:00","source":{"id":"0","name":"eventBus"}}
{"__type":"$$EventMessageNode","id":"256691d0-6181-40ac-9e8d-a24e9cd65b3e","ts":"2026-05-02T20:12:00.862+00:00","eventName":"n8n.node.started","message":"n8n.node.started","payload":{"workflowId":"WH2GL8ExBSOWYzMP","workflowName":"My workflow","executionId":"1","nodeType":"n8n-nodes-base.googleDrive","nodeName":"Download file","nodeId":"bb1763ec-f4b5-4c7e-8484-967df163479c"}}
{"__type":"$$EventMessageConfirm","confirm":"256691d0-6181-40ac-9e8d-a24e9cd65b3e","ts":"2026-05-02T20:12:00.862+00:00","source":{"id":"0","name":"eventBus"}}
{"__type":"$$EventMessageNode","id":"bf2b90a2-7d40-4d5c-8ba8-1c69b90496d2","ts":"2026-05-02T16:12:01.593-04:00","eventName":"n8n.node.finished","message":"n8n.node.finished","payload":{"workflowId":"WH2GL8ExBSOWYzMP","workflowName":"My workflow","executionId":"1","nodeType":"n8n-nodes-base.googleDrive","nodeName":"Download file","nodeId":"bb1763ec-f4b5-4c7e-8484-967df163479c"}}
{"__type":"$$EventMessageConfirm","confirm":"bf2b90a2-7d40-4d5c-8ba8-1c69b90496d2","ts":"2026-05-02T16:12:01.594-04:00","source":{"id":"0","name":"eventBus"}}
{"__type":"$$EventMessageNode","id":"b7845f38-0e0d-4928-8744-11bded1067d1","ts":"2026-05-02T16:12:01.595-04:00","eventName":"n8n.node.started","message":"n8n.node.started","payload":{"workflowId":"WH2GL8ExBSOWYzMP","workflowName":"My workflow","executionId":"1","nodeType":"n8n-nodes-base.httpRequest","nodeName":"HTTP Request","nodeId":"88d1259b-9996-49d2-b664-a7c00f189826"}}
{"__type":"$$EventMessageConfirm","confirm":"b7845f38-0e0d-4928-8744-11bded1067d1","ts":"2026-05-02T16:12:01.595-04:00","source":{"id":"0","name":"eventBus"}}
{"__type":"$$EventMessageNode","id":"7edab87f-6bb8-4219-bedc-a2705278d12b","ts":"2026-05-02T16:12:01.717-04:00","eventName":"n8n.node.finished","message":"n8n.node.finished","payload":{"workflowId":"WH2GL8ExBSOWYzMP","workflowName":"My workflow","executionId":"1","nodeType":"n8n-nodes-base.httpRequest","nodeName":"HTTP Request","nodeId":"88d1259b-9996-49d2-b664-a7c00f189826"}}
{"__type":"$$EventMessageConfirm","confirm":"7edab87f-6bb8-4219-bedc-a2705278d12b","ts":"2026-05-02T16:12:01.718-04:00","source":{"id":"0","name":"eventBus"}}
{"__type":"$$EventMessageWorkflow","id":"18f4d656-8dd2-4cb1-855a-44d721905806","ts":"2026-05-02T16:12:01.724-04:00","eventName":"n8n.workflow.failed","message":"n8n.workflow.failed","payload":{"userId":"8759ff25-d76b-4b0e-93b3-3d9d283d6775","executionId":"1","success":false,"isManual":true,"mode":"manual","workflowId":"WH2GL8ExBSOWYzMP","workflowName":"My workflow","lastNodeExecuted":"HTTP Request","errorNodeType":"n8n-nodes-base.httpRequest","errorMessage":"The service refused the connection - perhaps it is offline"}}
{"__type":"$$EventMessageConfirm","confirm":"18f4d656-8dd2-4cb1-855a-44d721905806","ts":"2026-05-02T16:12:01.725-04:00","source":{"id":"0","name":"eventBus"}}
{"__type":"$$EventMessageAudit","id":"91a591a7-c60e-4b98-92c1-7774d60d7c7a","ts":"2026-05-02T16:18:43.707-04:00","eventName":"n8n.audit.workflow.executed","message":"n8n.audit.workflow.executed","payload":{"userId":"8759ff25-d76b-4b0e-93b3-3d9d283d6775","_email":"benluong1802@gmail.com","_firstName":"Ben","_lastName":"Luong","globalRole":"global:owner","workflowId":"WH2GL8ExBSOWYzMP","workflowName":"My workflow","executionId":"2","source":"user-manual"}}
{"__type":"$$EventMessageConfirm","confirm":"91a591a7-c60e-4b98-92c1-7774d60d7c7a","ts":"2026-05-02T16:18:43.707-04:00","source":{"id":"0","name":"eventBus"}}
{"__type":"$$EventMessageWorkflow","id":"9fa3c2f1-c1f0-4150-ad9a-d8e6a9830516","ts":"2026-05-02T16:18:43.707-04:00","eventName":"n8n.workflow.started","message":"n8n.workflow.started","payload":{"executionId":"2","workflowId":"WH2GL8ExBSOWYzMP","isManual":false,"mode":"manual","workflowName":"My workflow"}}
{"__type":"$$EventMessageConfirm","confirm":"9fa3c2f1-c1f0-4150-ad9a-d8e6a9830516","ts":"2026-05-02T16:18:43.707-04:00","source":{"id":"0","name":"eventBus"}}
{"__type":"$$EventMessageNode","id":"d8198cbc-b0ed-4782-a8d2-8fec43272afb","ts":"2026-05-02T16:18:43.718-04:00","eventName":"n8n.node.started","message":"n8n.node.started","payload":{"workflowId":"WH2GL8ExBSOWYzMP","workflowName":"My workflow","executionId":"2","nodeType":"n8n-nodes-base.googleDriveTrigger","nodeName":"Google Drive Trigger","nodeId":"12f3c977-afcb-4569-86bf-9990305aaf7b"}}
{"__type":"$$EventMessageConfirm","confirm":"d8198cbc-b0ed-4782-a8d2-8fec43272afb","ts":"2026-05-02T16:18:43.718-04:00","source":{"id":"0","name":"eventBus"}}
{"__type":"$$EventMessageNode","id":"5bd57f39-ff5d-4024-958d-8456424f60ee","ts":"2026-05-02T16:18:43.995-04:00","eventName":"n8n.node.finished","message":"n8n.node.finished","payload":{"workflowId":"WH2GL8ExBSOWYzMP","workflowName":"My workflow","executionId":"2","nodeType":"n8n-nodes-base.googleDriveTrigger","nodeName":"Google Drive Trigger","nodeId":"12f3c977-afcb-4569-86bf-9990305aaf7b"}}
{"__type":"$$EventMessageConfirm","confirm":"5bd57f39-ff5d-4024-958d-8456424f60ee","ts":"2026-05-02T16:18:43.995-04:00","source":{"id":"0","name":"eventBus"}}
{"__type":"$$EventMessageNode","id":"4e983aaa-77fb-4f72-a8f7-87a4e01d34b9","ts":"2026-05-02T16:18:43.995-04:00","eventName":"n8n.node.started","message":"n8n.node.started","payload":{"workflowId":"WH2GL8ExBSOWYzMP","workflowName":"My workflow","executionId":"2","nodeType":"n8n-nodes-base.googleDrive","nodeName":"Download file","nodeId":"bb1763ec-f4b5-4c7e-8484-967df163479c"}}
{"__type":"$$EventMessageConfirm","confirm":"4e983aaa-77fb-4f72-a8f7-87a4e01d34b9","ts":"2026-05-02T16:18:43.995-04:00","source":{"id":"0","name":"eventBus"}}
{"__type":"$$EventMessageNode","id":"284b38f0-b035-4ee3-8db4-33d4516088af","ts":"2026-05-02T16:18:44.692-04:00","eventName":"n8n.node.finished","message":"n8n.node.finished","payload":{"workflowId":"WH2GL8ExBSOWYzMP","workflowName":"My workflow","executionId":"2","nodeType":"n8n-nodes-base.googleDrive","nodeName":"Download file","nodeId":"bb1763ec-f4b5-4c7e-8484-967df163479c"}}
{"__type":"$$EventMessageConfirm","confirm":"284b38f0-b035-4ee3-8db4-33d4516088af","ts":"2026-05-02T16:18:44.692-04:00","source":{"id":"0","name":"eventBus"}}
{"__type":"$$EventMessageNode","id":"0f4b66d0-2e51-46ce-a5ba-5590f6b9b65a","ts":"2026-05-02T16:18:44.692-04:00","eventName":"n8n.node.started","message":"n8n.node.started","payload":{"workflowId":"WH2GL8ExBSOWYzMP","workflowName":"My workflow","executionId":"2","nodeType":"n8n-nodes-base.httpRequest","nodeName":"HTTP Request","nodeId":"88d1259b-9996-49d2-b664-a7c00f189826"}}
{"__type":"$$EventMessageConfirm","confirm":"0f4b66d0-2e51-46ce-a5ba-5590f6b9b65a","ts":"2026-05-02T16:18:44.693-04:00","source":{"id":"0","name":"eventBus"}}
{"__type":"$$EventMessageNode","id":"615518ef-86f7-4552-95ba-61e57ed64c50","ts":"2026-05-02T16:18:46.000-04:00","eventName":"n8n.node.finished","message":"n8n.node.finished","payload":{"workflowId":"WH2GL8ExBSOWYzMP","workflowName":"My workflow","executionId":"2","nodeType":"n8n-nodes-base.httpRequest","nodeName":"HTTP Request","nodeId":"88d1259b-9996-49d2-b664-a7c00f189826"}}
{"__type":"$$EventMessageConfirm","confirm":"615518ef-86f7-4552-95ba-61e57ed64c50","ts":"2026-05-02T16:18:46.001-04:00","source":{"id":"0","name":"eventBus"}}
{"__type":"$$EventMessageNode","id":"6aa083c4-a16f-40e8-99e8-35be353bdd87","ts":"2026-05-02T16:18:46.001-04:00","eventName":"n8n.node.started","message":"n8n.node.started","payload":{"workflowId":"WH2GL8ExBSOWYzMP","workflowName":"My workflow","executionId":"2","nodeType":"n8n-nodes-base.gmail","nodeName":"Send a message","nodeId":"85450820-5b00-4699-bca3-84839a75101f"}}
{"__type":"$$EventMessageConfirm","confirm":"6aa083c4-a16f-40e8-99e8-35be353bdd87","ts":"2026-05-02T16:18:46.001-04:00","source":{"id":"0","name":"eventBus"}}
{"__type":"$$EventMessageNode","id":"b5c19a80-f0b2-43dd-9eee-0e473d52160a","ts":"2026-05-02T16:18:46.391-04:00","eventName":"n8n.node.finished","message":"n8n.node.finished","payload":{"workflowId":"WH2GL8ExBSOWYzMP","workflowName":"My workflow","executionId":"2","nodeType":"n8n-nodes-base.gmail","nodeName":"Send a message","nodeId":"85450820-5b00-4699-bca3-84839a75101f"}}
{"__type":"$$EventMessageConfirm","confirm":"b5c19a80-f0b2-43dd-9eee-0e473d52160a","ts":"2026-05-02T16:18:46.391-04:00","source":{"id":"0","name":"eventBus"}}
{"__type":"$$EventMessageWorkflow","id":"38080e58-5ec2-4e86-998f-7f24392280b0","ts":"2026-05-02T16:18:46.394-04:00","eventName":"n8n.workflow.success","message":"n8n.workflow.success","payload":{"userId":"8759ff25-d76b-4b0e-93b3-3d9d283d6775","executionId":"2","success":true,"isManual":true,"mode":"manual","workflowId":"WH2GL8ExBSOWYzMP","workflowName":"My workflow"}}
{"__type":"$$EventMessageConfirm","confirm":"38080e58-5ec2-4e86-998f-7f24392280b0","ts":"2026-05-02T16:18:46.394-04:00","source":{"id":"0","name":"eventBus"}}
