{"__type":"$$EventMessageAudit","id":"98e975c5-ee88-4467-9147-1d88f5ce4a5a","ts":"2026-05-02T20:21:18.213+00:00","eventName":"n8n.audit.workflow.created","message":"n8n.audit.workflow.created","payload":{"userId":"8759ff25-d76b-4b0e-93b3-3d9d283d6775","_email":"benluong1802@gmail.com","_firstName":"Ben","_lastName":"Luong","globalRole":"global:owner","workflowId":"kdCI557yNTF9PWmb","workflowName":"My workflow 2"}}
{"__type":"$$EventMessageConfirm","confirm":"98e975c5-ee88-4467-9147-1d88f5ce4a5a","ts":"2026-05-02T20:21:18.213+00:00","source":{"id":"0","name":"eventBus"}}
{"__type":"$$EventMessageAudit","id":"454fa8fb-85ce-48b1-b23a-92babb6fdc87","ts":"2026-05-02T20:21:24.959+00:00","eventName":"n8n.audit.workflow.updated","message":"n8n.audit.workflow.updated","payload":{"userId":"8759ff25-d76b-4b0e-93b3-3d9d283d6775","_email":"benluong1802@gmail.com","_firstName":"Ben","_lastName":"Luong","globalRole":"global:owner","workflowId":"kdCI557yNTF9PWmb","workflowName":"My workflow 2"}}
{"__type":"$$EventMessageConfirm","confirm":"454fa8fb-85ce-48b1-b23a-92babb6fdc87","ts":"2026-05-02T20:21:24.959+00:00","source":{"id":"0","name":"eventBus"}}
{"__type":"$$EventMessageAudit","id":"d4c5d59b-0e7b-4933-831d-733ab960e92d","ts":"2026-05-02T20:21:26.996+00:00","eventName":"n8n.audit.workflow.updated","message":"n8n.audit.workflow.updated","payload":{"userId":"8759ff25-d76b-4b0e-93b3-3d9d283d6775","_email":"benluong1802@gmail.com","_firstName":"Ben","_lastName":"Luong","globalRole":"global:owner","workflowId":"kdCI557yNTF9PWmb","workflowName":"My workflow 2"}}
{"__type":"$$EventMessageConfirm","confirm":"d4c5d59b-0e7b-4933-831d-733ab960e92d","ts":"2026-05-02T20:21:26.996+00:00","source":{"id":"0","name":"eventBus"}}
{"__type":"$$EventMessageAudit","id":"f6c0c460-c62c-4c87-8351-4ac6c177c755","ts":"2026-05-02T20:21:30.956+00:00","eventName":"n8n.audit.workflow.updated","message":"n8n.audit.workflow.updated","payload":{"userId":"8759ff25-d76b-4b0e-93b3-3d9d283d6775","_email":"benluong1802@gmail.com","_firstName":"Ben","_lastName":"Luong","globalRole":"global:owner","workflowId":"kdCI557yNTF9PWmb","workflowName":"My workflow 2"}}
{"__type":"$$EventMessageConfirm","confirm":"f6c0c460-c62c-4c87-8351-4ac6c177c755","ts":"2026-05-02T20:21:30.956+00:00","source":{"id":"0","name":"eventBus"}}
{"__type":"$$EventMessageAudit","id":"b0749c45-61f1-48f7-a292-e18937674c76","ts":"2026-05-02T20:21:59.291+00:00","eventName":"n8n.audit.workflow.updated","message":"n8n.audit.workflow.updated","payload":{"userId":"8759ff25-d76b-4b0e-93b3-3d9d283d6775","_email":"benluong1802@gmail.com","_firstName":"Ben","_lastName":"Luong","globalRole":"global:owner","workflowId":"kdCI557yNTF9PWmb","workflowName":"My workflow 2"}}
{"__type":"$$EventMessageConfirm","confirm":"b0749c45-61f1-48f7-a292-e18937674c76","ts":"2026-05-02T20:21:59.291+00:00","source":{"id":"0","name":"eventBus"}}
{"__type":"$$EventMessageAudit","id":"daf4eb5a-90ab-48ac-96a8-f159d1a37d49","ts":"2026-05-02T20:22:05.635+00:00","eventName":"n8n.audit.workflow.updated","message":"n8n.audit.workflow.updated","payload":{"userId":"8759ff25-d76b-4b0e-93b3-3d9d283d6775","_email":"benluong1802@gmail.com","_firstName":"Ben","_lastName":"Luong","globalRole":"global:owner","workflowId":"kdCI557yNTF9PWmb","workflowName":"My workflow 2"}}
{"__type":"$$EventMessageConfirm","confirm":"daf4eb5a-90ab-48ac-96a8-f159d1a37d49","ts":"2026-05-02T20:22:05.635+00:00","source":{"id":"0","name":"eventBus"}}
{"__type":"$$EventMessageAudit","id":"c12bce06-f220-435d-aea3-67c3cfc956da","ts":"2026-05-02T20:22:12.357+00:00","eventName":"n8n.audit.workflow.updated","message":"n8n.audit.workflow.updated","payload":{"userId":"8759ff25-d76b-4b0e-93b3-3d9d283d6775","_email":"benluong1802@gmail.com","_firstName":"Ben","_lastName":"Luong","globalRole":"global:owner","workflowId":"kdCI557yNTF9PWmb","workflowName":"My workflow 2"}}
{"__type":"$$EventMessageConfirm","confirm":"c12bce06-f220-435d-aea3-67c3cfc956da","ts":"2026-05-02T20:22:12.357+00:00","source":{"id":"0","name":"eventBus"}}
{"__type":"$$EventMessageAudit","id":"e6532a72-f58b-4fb3-ad15-4d02ab8477ed","ts":"2026-05-02T20:22:24.129+00:00","eventName":"n8n.audit.workflow.updated","message":"n8n.audit.workflow.updated","payload":{"userId":"8759ff25-d76b-4b0e-93b3-3d9d283d6775","_email":"benluong1802@gmail.com","_firstName":"Ben","_lastName":"Luong","globalRole":"global:owner","workflowId":"kdCI557yNTF9PWmb","workflowName":"My workflow 2"}}
{"__type":"$$EventMessageConfirm","confirm":"e6532a72-f58b-4fb3-ad15-4d02ab8477ed","ts":"2026-05-02T20:22:24.130+00:00","source":{"id":"0","name":"eventBus"}}
{"__type":"$$EventMessageAudit","id":"83cc0491-e5d1-46d9-8f5a-534b744dce77","ts":"2026-05-02T20:22:44.993+00:00","eventName":"n8n.audit.workflow.updated","message":"n8n.audit.workflow.updated","payload":{"userId":"8759ff25-d76b-4b0e-93b3-3d9d283d6775","_email":"benluong1802@gmail.com","_firstName":"Ben","_lastName":"Luong","globalRole":"global:owner","workflowId":"kdCI557yNTF9PWmb","workflowName":"My workflow 2"}}
{"__type":"$$EventMessageConfirm","confirm":"83cc0491-e5d1-46d9-8f5a-534b744dce77","ts":"2026-05-02T20:22:44.993+00:00","source":{"id":"0","name":"eventBus"}}
{"__type":"$$EventMessageAudit","id":"652ec7fa-281c-44ad-ab1b-9fa26b482a4c","ts":"2026-05-02T20:22:49.212+00:00","eventName":"n8n.audit.workflow.updated","message":"n8n.audit.workflow.updated","payload":{"userId":"8759ff25-d76b-4b0e-93b3-3d9d283d6775","_email":"benluong1802@gmail.com","_firstName":"Ben","_lastName":"Luong","globalRole":"global:owner","workflowId":"kdCI557yNTF9PWmb","workflowName":"My workflow 2"}}
{"__type":"$$EventMessageConfirm","confirm":"652ec7fa-281c-44ad-ab1b-9fa26b482a4c","ts":"2026-05-02T20:22:49.212+00:00","source":{"id":"0","name":"eventBus"}}
{"__type":"$$EventMessageAudit","id":"fdafc02c-ea66-4d1f-8720-e281354e101c","ts":"2026-05-02T20:23:42.830+00:00","eventName":"n8n.audit.workflow.updated","message":"n8n.audit.workflow.updated","payload":{"userId":"8759ff25-d76b-4b0e-93b3-3d9d283d6775","_email":"benluong1802@gmail.com","_firstName":"Ben","_lastName":"Luong","globalRole":"global:owner","workflowId":"kdCI557yNTF9PWmb","workflowName":"My workflow 2"}}
{"__type":"$$EventMessageConfirm","confirm":"fdafc02c-ea66-4d1f-8720-e281354e101c","ts":"2026-05-02T20:23:42.830+00:00","source":{"id":"0","name":"eventBus"}}
{"__type":"$$EventMessageAudit","id":"04b79fd7-411d-499c-8890-8a6bd0e54e30","ts":"2026-05-02T20:23:52.424+00:00","eventName":"n8n.audit.workflow.updated","message":"n8n.audit.workflow.updated","payload":{"userId":"8759ff25-d76b-4b0e-93b3-3d9d283d6775","_email":"benluong1802@gmail.com","_firstName":"Ben","_lastName":"Luong","globalRole":"global:owner","workflowId":"kdCI557yNTF9PWmb","workflowName":"My workflow 2"}}
{"__type":"$$EventMessageConfirm","confirm":"04b79fd7-411d-499c-8890-8a6bd0e54e30","ts":"2026-05-02T20:23:52.424+00:00","source":{"id":"0","name":"eventBus"}}
{"__type":"$$EventMessageAudit","id":"6664a149-ae06-41df-b02c-22d394eba8a7","ts":"2026-05-02T20:23:54.760+00:00","eventName":"n8n.audit.workflow.updated","message":"n8n.audit.workflow.updated","payload":{"userId":"8759ff25-d76b-4b0e-93b3-3d9d283d6775","_email":"benluong1802@gmail.com","_firstName":"Ben","_lastName":"Luong","globalRole":"global:owner","workflowId":"kdCI557yNTF9PWmb","workflowName":"My workflow 2"}}
{"__type":"$$EventMessageConfirm","confirm":"6664a149-ae06-41df-b02c-22d394eba8a7","ts":"2026-05-02T20:23:54.760+00:00","source":{"id":"0","name":"eventBus"}}
{"__type":"$$EventMessageAudit","id":"8892851d-82d6-4fb6-8fa1-d392ee82a400","ts":"2026-05-02T20:23:58.473+00:00","eventName":"n8n.audit.workflow.updated","message":"n8n.audit.workflow.updated","payload":{"userId":"8759ff25-d76b-4b0e-93b3-3d9d283d6775","_email":"benluong1802@gmail.com","_firstName":"Ben","_lastName":"Luong","globalRole":"global:owner","workflowId":"kdCI557yNTF9PWmb","workflowName":"My workflow 2"}}
{"__type":"$$EventMessageConfirm","confirm":"8892851d-82d6-4fb6-8fa1-d392ee82a400","ts":"2026-05-02T20:23:58.473+00:00","source":{"id":"0","name":"eventBus"}}
{"__type":"$$EventMessageAudit","id":"26260c3e-89b7-461d-a2f0-aff7abc7d08f","ts":"2026-05-02T20:24:01.008+00:00","eventName":"n8n.audit.workflow.updated","message":"n8n.audit.workflow.updated","payload":{"userId":"8759ff25-d76b-4b0e-93b3-3d9d283d6775","_email":"benluong1802@gmail.com","_firstName":"Ben","_lastName":"Luong","globalRole":"global:owner","workflowId":"kdCI557yNTF9PWmb","workflowName":"My workflow 2"}}
{"__type":"$$EventMessageConfirm","confirm":"26260c3e-89b7-461d-a2f0-aff7abc7d08f","ts":"2026-05-02T20:24:01.009+00:00","source":{"id":"0","name":"eventBus"}}
{"__type":"$$EventMessageAudit","id":"60f01f53-98a0-45f0-acea-3a8e3b7c314c","ts":"2026-05-02T20:24:03.056+00:00","eventName":"n8n.audit.workflow.updated","message":"n8n.audit.workflow.updated","payload":{"userId":"8759ff25-d76b-4b0e-93b3-3d9d283d6775","_email":"benluong1802@gmail.com","_firstName":"Ben","_lastName":"Luong","globalRole":"global:owner","workflowId":"kdCI557yNTF9PWmb","workflowName":"My workflow 2"}}
{"__type":"$$EventMessageConfirm","confirm":"60f01f53-98a0-45f0-acea-3a8e3b7c314c","ts":"2026-05-02T20:24:03.056+00:00","source":{"id":"0","name":"eventBus"}}
{"__type":"$$EventMessageAudit","id":"21eb12e8-65b3-49b6-a942-3ba2c07aa84c","ts":"2026-05-02T20:24:05.488+00:00","eventName":"n8n.audit.workflow.updated","message":"n8n.audit.workflow.updated","payload":{"userId":"8759ff25-d76b-4b0e-93b3-3d9d283d6775","_email":"benluong1802@gmail.com","_firstName":"Ben","_lastName":"Luong","globalRole":"global:owner","workflowId":"kdCI557yNTF9PWmb","workflowName":"My workflow 2"}}
{"__type":"$$EventMessageConfirm","confirm":"21eb12e8-65b3-49b6-a942-3ba2c07aa84c","ts":"2026-05-02T20:24:05.488+00:00","source":{"id":"0","name":"eventBus"}}
{"__type":"$$EventMessageAudit","id":"1678f37a-02a0-4104-b807-f194cfc6b509","ts":"2026-05-02T20:24:13.221+00:00","eventName":"n8n.audit.workflow.updated","message":"n8n.audit.workflow.updated","payload":{"userId":"8759ff25-d76b-4b0e-93b3-3d9d283d6775","_email":"benluong1802@gmail.com","_firstName":"Ben","_lastName":"Luong","globalRole":"global:owner","workflowId":"kdCI557yNTF9PWmb","workflowName":"My workflow 2"}}
{"__type":"$$EventMessageConfirm","confirm":"1678f37a-02a0-4104-b807-f194cfc6b509","ts":"2026-05-02T20:24:13.221+00:00","source":{"id":"0","name":"eventBus"}}
{"__type":"$$EventMessageAudit","id":"9961539d-039c-4e4e-bbf3-3302f962f6d2","ts":"2026-05-02T20:24:21.070+00:00","eventName":"n8n.audit.workflow.updated","message":"n8n.audit.workflow.updated","payload":{"userId":"8759ff25-d76b-4b0e-93b3-3d9d283d6775","_email":"benluong1802@gmail.com","_firstName":"Ben","_lastName":"Luong","globalRole":"global:owner","workflowId":"kdCI557yNTF9PWmb","workflowName":"My workflow 2"}}
{"__type":"$$EventMessageConfirm","confirm":"9961539d-039c-4e4e-bbf3-3302f962f6d2","ts":"2026-05-02T20:24:21.070+00:00","source":{"id":"0","name":"eventBus"}}
{"__type":"$$EventMessageAudit","id":"7592b8ef-7aaa-4a77-a0a3-70e39222df41","ts":"2026-05-02T20:24:45.251+00:00","eventName":"n8n.audit.workflow.updated","message":"n8n.audit.workflow.updated","payload":{"userId":"8759ff25-d76b-4b0e-93b3-3d9d283d6775","_email":"benluong1802@gmail.com","_firstName":"Ben","_lastName":"Luong","globalRole":"global:owner","workflowId":"kdCI557yNTF9PWmb","workflowName":"My workflow 2"}}
{"__type":"$$EventMessageConfirm","confirm":"7592b8ef-7aaa-4a77-a0a3-70e39222df41","ts":"2026-05-02T20:24:45.251+00:00","source":{"id":"0","name":"eventBus"}}
{"__type":"$$EventMessageAudit","id":"b9884963-c8da-4143-b2e3-09a85dfed472","ts":"2026-05-02T20:24:49.038+00:00","eventName":"n8n.audit.workflow.updated","message":"n8n.audit.workflow.updated","payload":{"userId":"8759ff25-d76b-4b0e-93b3-3d9d283d6775","_email":"benluong1802@gmail.com","_firstName":"Ben","_lastName":"Luong","globalRole":"global:owner","workflowId":"kdCI557yNTF9PWmb","workflowName":"My workflow 2"}}
{"__type":"$$EventMessageConfirm","confirm":"b9884963-c8da-4143-b2e3-09a85dfed472","ts":"2026-05-02T20:24:49.038+00:00","source":{"id":"0","name":"eventBus"}}
{"__type":"$$EventMessageAudit","id":"1259a303-1321-4e8e-b85a-f38451d0eab6","ts":"2026-05-02T20:24:50.747+00:00","eventName":"n8n.audit.workflow.updated","message":"n8n.audit.workflow.updated","payload":{"userId":"8759ff25-d76b-4b0e-93b3-3d9d283d6775","_email":"benluong1802@gmail.com","_firstName":"Ben","_lastName":"Luong","globalRole":"global:owner","workflowId":"kdCI557yNTF9PWmb","workflowName":"My workflow 2"}}
{"__type":"$$EventMessageConfirm","confirm":"1259a303-1321-4e8e-b85a-f38451d0eab6","ts":"2026-05-02T20:24:50.747+00:00","source":{"id":"0","name":"eventBus"}}
{"__type":"$$EventMessageAudit","id":"09ace43a-bb31-418e-b7a2-4508bdc5647c","ts":"2026-05-02T20:24:55.401+00:00","eventName":"n8n.audit.workflow.updated","message":"n8n.audit.workflow.updated","payload":{"userId":"8759ff25-d76b-4b0e-93b3-3d9d283d6775","_email":"benluong1802@gmail.com","_firstName":"Ben","_lastName":"Luong","globalRole":"global:owner","workflowId":"kdCI557yNTF9PWmb","workflowName":"My workflow 2"}}
{"__type":"$$EventMessageConfirm","confirm":"09ace43a-bb31-418e-b7a2-4508bdc5647c","ts":"2026-05-02T20:24:55.401+00:00","source":{"id":"0","name":"eventBus"}}
{"__type":"$$EventMessageAudit","id":"004d8ba5-b9b6-4e29-a247-cff42ba7f615","ts":"2026-05-02T20:25:01.297+00:00","eventName":"n8n.audit.workflow.updated","message":"n8n.audit.workflow.updated","payload":{"userId":"8759ff25-d76b-4b0e-93b3-3d9d283d6775","_email":"benluong1802@gmail.com","_firstName":"Ben","_lastName":"Luong","globalRole":"global:owner","workflowId":"kdCI557yNTF9PWmb","workflowName":"My workflow 2"}}
{"__type":"$$EventMessageConfirm","confirm":"004d8ba5-b9b6-4e29-a247-cff42ba7f615","ts":"2026-05-02T20:25:01.297+00:00","source":{"id":"0","name":"eventBus"}}
{"__type":"$$EventMessageAudit","id":"2aa5643b-3764-46da-bd1c-fd2582090c35","ts":"2026-05-02T20:25:09.353+00:00","eventName":"n8n.audit.workflow.updated","message":"n8n.audit.workflow.updated","payload":{"userId":"8759ff25-d76b-4b0e-93b3-3d9d283d6775","_email":"benluong1802@gmail.com","_firstName":"Ben","_lastName":"Luong","globalRole":"global:owner","workflowId":"kdCI557yNTF9PWmb","workflowName":"My workflow 2"}}
{"__type":"$$EventMessageConfirm","confirm":"2aa5643b-3764-46da-bd1c-fd2582090c35","ts":"2026-05-02T20:25:09.354+00:00","source":{"id":"0","name":"eventBus"}}
{"__type":"$$EventMessageAudit","id":"bbe85d5c-bc0f-4073-8bac-af3a2a8fce5d","ts":"2026-05-02T20:25:14.152+00:00","eventName":"n8n.audit.workflow.updated","message":"n8n.audit.workflow.updated","payload":{"userId":"8759ff25-d76b-4b0e-93b3-3d9d283d6775","_email":"benluong1802@gmail.com","_firstName":"Ben","_lastName":"Luong","globalRole":"global:owner","workflowId":"kdCI557yNTF9PWmb","workflowName":"My workflow 2"}}
{"__type":"$$EventMessageConfirm","confirm":"bbe85d5c-bc0f-4073-8bac-af3a2a8fce5d","ts":"2026-05-02T20:25:14.152+00:00","source":{"id":"0","name":"eventBus"}}
{"__type":"$$EventMessageAudit","id":"0d74622a-fb98-4a15-a672-c77f827aadee","ts":"2026-05-02T20:25:48.600+00:00","eventName":"n8n.audit.workflow.updated","message":"n8n.audit.workflow.updated","payload":{"userId":"8759ff25-d76b-4b0e-93b3-3d9d283d6775","_email":"benluong1802@gmail.com","_firstName":"Ben","_lastName":"Luong","globalRole":"global:owner","workflowId":"kdCI557yNTF9PWmb","workflowName":"My workflow 2"}}
{"__type":"$$EventMessageConfirm","confirm":"0d74622a-fb98-4a15-a672-c77f827aadee","ts":"2026-05-02T20:25:48.600+00:00","source":{"id":"0","name":"eventBus"}}
{"__type":"$$EventMessageAudit","id":"1688841c-c2cb-47d0-9bfb-ee62c232de42","ts":"2026-05-02T20:26:12.140+00:00","eventName":"n8n.audit.workflow.updated","message":"n8n.audit.workflow.updated","payload":{"userId":"8759ff25-d76b-4b0e-93b3-3d9d283d6775","_email":"benluong1802@gmail.com","_firstName":"Ben","_lastName":"Luong","globalRole":"global:owner","workflowId":"kdCI557yNTF9PWmb","workflowName":"My workflow 2"}}
{"__type":"$$EventMessageConfirm","confirm":"1688841c-c2cb-47d0-9bfb-ee62c232de42","ts":"2026-05-02T20:26:12.140+00:00","source":{"id":"0","name":"eventBus"}}
{"__type":"$$EventMessageAudit","id":"a2a1c43f-5f26-4e2f-bef1-fd9f86134b31","ts":"2026-05-02T20:26:18.691+00:00","eventName":"n8n.audit.workflow.updated","message":"n8n.audit.workflow.updated","payload":{"userId":"8759ff25-d76b-4b0e-93b3-3d9d283d6775","_email":"benluong1802@gmail.com","_firstName":"Ben","_lastName":"Luong","globalRole":"global:owner","workflowId":"kdCI557yNTF9PWmb","workflowName":"My workflow 2"}}
{"__type":"$$EventMessageConfirm","confirm":"a2a1c43f-5f26-4e2f-bef1-fd9f86134b31","ts":"2026-05-02T20:26:18.691+00:00","source":{"id":"0","name":"eventBus"}}
{"__type":"$$EventMessageAudit","id":"4107ebad-edd6-423e-a527-f59c78560a22","ts":"2026-05-02T20:26:42.051+00:00","eventName":"n8n.audit.workflow.updated","message":"n8n.audit.workflow.updated","payload":{"userId":"8759ff25-d76b-4b0e-93b3-3d9d283d6775","_email":"benluong1802@gmail.com","_firstName":"Ben","_lastName":"Luong","globalRole":"global:owner","workflowId":"kdCI557yNTF9PWmb","workflowName":"My workflow 2"}}
{"__type":"$$EventMessageConfirm","confirm":"4107ebad-edd6-423e-a527-f59c78560a22","ts":"2026-05-02T20:26:42.051+00:00","source":{"id":"0","name":"eventBus"}}
{"__type":"$$EventMessageAudit","id":"ff2a551a-7949-4cd5-a3c2-df54e98afdeb","ts":"2026-05-02T20:26:55.187+00:00","eventName":"n8n.audit.workflow.updated","message":"n8n.audit.workflow.updated","payload":{"userId":"8759ff25-d76b-4b0e-93b3-3d9d283d6775","_email":"benluong1802@gmail.com","_firstName":"Ben","_lastName":"Luong","globalRole":"global:owner","workflowId":"kdCI557yNTF9PWmb","workflowName":"My workflow 2"}}
{"__type":"$$EventMessageConfirm","confirm":"ff2a551a-7949-4cd5-a3c2-df54e98afdeb","ts":"2026-05-02T20:26:55.187+00:00","source":{"id":"0","name":"eventBus"}}
{"__type":"$$EventMessageAudit","id":"82e614c4-ad8b-40fd-a445-c528f37fe205","ts":"2026-05-02T20:26:59.496+00:00","eventName":"n8n.audit.workflow.updated","message":"n8n.audit.workflow.updated","payload":{"userId":"8759ff25-d76b-4b0e-93b3-3d9d283d6775","_email":"benluong1802@gmail.com","_firstName":"Ben","_lastName":"Luong","globalRole":"global:owner","workflowId":"kdCI557yNTF9PWmb","workflowName":"My workflow 2"}}
{"__type":"$$EventMessageConfirm","confirm":"82e614c4-ad8b-40fd-a445-c528f37fe205","ts":"2026-05-02T20:26:59.496+00:00","source":{"id":"0","name":"eventBus"}}
{"__type":"$$EventMessageAudit","id":"04cb0cdd-3782-4a83-acb1-ee1446115e80","ts":"2026-05-02T20:27:27.958+00:00","eventName":"n8n.audit.workflow.updated","message":"n8n.audit.workflow.updated","payload":{"userId":"8759ff25-d76b-4b0e-93b3-3d9d283d6775","_email":"benluong1802@gmail.com","_firstName":"Ben","_lastName":"Luong","globalRole":"global:owner","workflowId":"kdCI557yNTF9PWmb","workflowName":"My workflow 2"}}
{"__type":"$$EventMessageConfirm","confirm":"04cb0cdd-3782-4a83-acb1-ee1446115e80","ts":"2026-05-02T20:27:27.958+00:00","source":{"id":"0","name":"eventBus"}}
{"__type":"$$EventMessageAudit","id":"4c01ab18-76a4-4ca6-a163-f8433435b95b","ts":"2026-05-02T20:27:33.368+00:00","eventName":"n8n.audit.workflow.updated","message":"n8n.audit.workflow.updated","payload":{"userId":"8759ff25-d76b-4b0e-93b3-3d9d283d6775","_email":"benluong1802@gmail.com","_firstName":"Ben","_lastName":"Luong","globalRole":"global:owner","workflowId":"kdCI557yNTF9PWmb","workflowName":"My workflow 2"}}
{"__type":"$$EventMessageConfirm","confirm":"4c01ab18-76a4-4ca6-a163-f8433435b95b","ts":"2026-05-02T20:27:33.368+00:00","source":{"id":"0","name":"eventBus"}}
{"__type":"$$EventMessageAudit","id":"2f1da8d8-c4e4-4317-bb8c-ffb77c1a27bb","ts":"2026-05-02T20:27:51.316+00:00","eventName":"n8n.audit.workflow.updated","message":"n8n.audit.workflow.updated","payload":{"userId":"8759ff25-d76b-4b0e-93b3-3d9d283d6775","_email":"benluong1802@gmail.com","_firstName":"Ben","_lastName":"Luong","globalRole":"global:owner","workflowId":"kdCI557yNTF9PWmb","workflowName":"My workflow 2"}}
{"__type":"$$EventMessageConfirm","confirm":"2f1da8d8-c4e4-4317-bb8c-ffb77c1a27bb","ts":"2026-05-02T20:27:51.316+00:00","source":{"id":"0","name":"eventBus"}}
{"__type":"$$EventMessageAudit","id":"b5105a1a-f3f8-41f8-8ead-c3e58ca7daed","ts":"2026-05-02T20:27:55.882+00:00","eventName":"n8n.audit.workflow.updated","message":"n8n.audit.workflow.updated","payload":{"userId":"8759ff25-d76b-4b0e-93b3-3d9d283d6775","_email":"benluong1802@gmail.com","_firstName":"Ben","_lastName":"Luong","globalRole":"global:owner","workflowId":"kdCI557yNTF9PWmb","workflowName":"My workflow 2"}}
{"__type":"$$EventMessageConfirm","confirm":"b5105a1a-f3f8-41f8-8ead-c3e58ca7daed","ts":"2026-05-02T20:27:55.882+00:00","source":{"id":"0","name":"eventBus"}}
{"__type":"$$EventMessageAudit","id":"86ca4e26-b945-4495-b777-73f6402436c6","ts":"2026-05-02T16:28:01.617-04:00","eventName":"n8n.audit.workflow.activated","message":"n8n.audit.workflow.activated","payload":{"userId":"8759ff25-d76b-4b0e-93b3-3d9d283d6775","_email":"benluong1802@gmail.com","_firstName":"Ben","_lastName":"Luong","globalRole":"global:owner","workflowId":"kdCI557yNTF9PWmb","workflowName":"My workflow 2","activeVersionId":"ae41815d-4ed9-423a-b6b1-c32aae38acc9"}}
{"__type":"$$EventMessageConfirm","confirm":"86ca4e26-b945-4495-b777-73f6402436c6","ts":"2026-05-02T16:28:01.617-04:00","source":{"id":"0","name":"eventBus"}}
{"__type":"$$EventMessageAudit","id":"0d3514b4-5444-4a6f-8b3b-2a08e6af13c0","ts":"2026-05-02T16:28:08.484-04:00","eventName":"n8n.audit.workflow.activated","message":"n8n.audit.workflow.activated","payload":{"userId":"8759ff25-d76b-4b0e-93b3-3d9d283d6775","_email":"benluong1802@gmail.com","_firstName":"Ben","_lastName":"Luong","globalRole":"global:owner","workflowId":"WH2GL8ExBSOWYzMP","workflowName":"My workflow","activeVersionId":"ee792261-8aec-4e64-861e-3243b3c89c29"}}
{"__type":"$$EventMessageConfirm","confirm":"0d3514b4-5444-4a6f-8b3b-2a08e6af13c0","ts":"2026-05-02T16:28:08.484-04:00","source":{"id":"0","name":"eventBus"}}
{"__type":"$$EventMessageAudit","id":"05633c1a-1d26-44e4-afcf-08a83d5ef22e","ts":"2026-05-02T16:28:22.902-04:00","eventName":"n8n.audit.workflow.executed","message":"n8n.audit.workflow.executed","payload":{"userId":"8759ff25-d76b-4b0e-93b3-3d9d283d6775","_email":"benluong1802@gmail.com","_firstName":"Ben","_lastName":"Luong","globalRole":"global:owner","workflowId":"WH2GL8ExBSOWYzMP","workflowName":"My workflow","executionId":"3","source":"user-manual"}}
{"__type":"$$EventMessageConfirm","confirm":"05633c1a-1d26-44e4-afcf-08a83d5ef22e","ts":"2026-05-02T16:28:22.902-04:00","source":{"id":"0","name":"eventBus"}}
{"__type":"$$EventMessageWorkflow","id":"167e734d-0f5e-4af5-82e7-dddddb457fd8","ts":"2026-05-02T16:28:22.902-04:00","eventName":"n8n.workflow.started","message":"n8n.workflow.started","payload":{"executionId":"3","workflowId":"WH2GL8ExBSOWYzMP","isManual":false,"mode":"manual","workflowName":"My workflow"}}
{"__type":"$$EventMessageConfirm","confirm":"167e734d-0f5e-4af5-82e7-dddddb457fd8","ts":"2026-05-02T16:28:22.902-04:00","source":{"id":"0","name":"eventBus"}}
{"__type":"$$EventMessageNode","id":"e88caaf0-5d3f-433f-8217-39f9e0a7d123","ts":"2026-05-02T16:28:22.910-04:00","eventName":"n8n.node.started","message":"n8n.node.started","payload":{"workflowId":"WH2GL8ExBSOWYzMP","workflowName":"My workflow","executionId":"3","nodeType":"n8n-nodes-base.googleDriveTrigger","nodeName":"Google Drive Trigger","nodeId":"12f3c977-afcb-4569-86bf-9990305aaf7b"}}
{"__type":"$$EventMessageConfirm","confirm":"e88caaf0-5d3f-433f-8217-39f9e0a7d123","ts":"2026-05-02T16:28:22.910-04:00","source":{"id":"0","name":"eventBus"}}
{"__type":"$$EventMessageNode","id":"779e7750-6024-4e7b-8401-b1527ad337d9","ts":"2026-05-02T16:28:23.164-04:00","eventName":"n8n.node.finished","message":"n8n.node.finished","payload":{"workflowId":"WH2GL8ExBSOWYzMP","workflowName":"My workflow","executionId":"3","nodeType":"n8n-nodes-base.googleDriveTrigger","nodeName":"Google Drive Trigger","nodeId":"12f3c977-afcb-4569-86bf-9990305aaf7b"}}
{"__type":"$$EventMessageConfirm","confirm":"779e7750-6024-4e7b-8401-b1527ad337d9","ts":"2026-05-02T16:28:23.164-04:00","source":{"id":"0","name":"eventBus"}}
{"__type":"$$EventMessageNode","id":"60b5560e-0bc3-46db-adc9-1eab3d5ac89f","ts":"2026-05-02T16:28:23.166-04:00","eventName":"n8n.node.started","message":"n8n.node.started","payload":{"workflowId":"WH2GL8ExBSOWYzMP","workflowName":"My workflow","executionId":"3","nodeType":"n8n-nodes-base.googleDrive","nodeName":"Download file","nodeId":"bb1763ec-f4b5-4c7e-8484-967df163479c"}}
{"__type":"$$EventMessageConfirm","confirm":"60b5560e-0bc3-46db-adc9-1eab3d5ac89f","ts":"2026-05-02T16:28:23.166-04:00","source":{"id":"0","name":"eventBus"}}
{"__type":"$$EventMessageNode","id":"e89c0287-5a48-45cd-9600-d2782435786b","ts":"2026-05-02T16:28:23.867-04:00","eventName":"n8n.node.finished","message":"n8n.node.finished","payload":{"workflowId":"WH2GL8ExBSOWYzMP","workflowName":"My workflow","executionId":"3","nodeType":"n8n-nodes-base.googleDrive","nodeName":"Download file","nodeId":"bb1763ec-f4b5-4c7e-8484-967df163479c"}}
{"__type":"$$EventMessageConfirm","confirm":"e89c0287-5a48-45cd-9600-d2782435786b","ts":"2026-05-02T16:28:23.867-04:00","source":{"id":"0","name":"eventBus"}}
{"__type":"$$EventMessageNode","id":"0693ac7e-7200-4267-8b29-d2e51fab70c5","ts":"2026-05-02T16:28:23.868-04:00","eventName":"n8n.node.started","message":"n8n.node.started","payload":{"workflowId":"WH2GL8ExBSOWYzMP","workflowName":"My workflow","executionId":"3","nodeType":"n8n-nodes-base.httpRequest","nodeName":"HTTP Request","nodeId":"88d1259b-9996-49d2-b664-a7c00f189826"}}
{"__type":"$$EventMessageConfirm","confirm":"0693ac7e-7200-4267-8b29-d2e51fab70c5","ts":"2026-05-02T16:28:23.869-04:00","source":{"id":"0","name":"eventBus"}}
{"__type":"$$EventMessageNode","id":"22ff6448-9332-4e6e-98e7-03f989d218bf","ts":"2026-05-02T16:28:26.423-04:00","eventName":"n8n.node.finished","message":"n8n.node.finished","payload":{"workflowId":"WH2GL8ExBSOWYzMP","workflowName":"My workflow","executionId":"3","nodeType":"n8n-nodes-base.httpRequest","nodeName":"HTTP Request","nodeId":"88d1259b-9996-49d2-b664-a7c00f189826"}}
{"__type":"$$EventMessageConfirm","confirm":"22ff6448-9332-4e6e-98e7-03f989d218bf","ts":"2026-05-02T16:28:26.423-04:00","source":{"id":"0","name":"eventBus"}}
{"__type":"$$EventMessageNode","id":"b7835e0e-46ea-4d74-b5f3-d9e0ff64027b","ts":"2026-05-02T16:28:26.424-04:00","eventName":"n8n.node.started","message":"n8n.node.started","payload":{"workflowId":"WH2GL8ExBSOWYzMP","workflowName":"My workflow","executionId":"3","nodeType":"n8n-nodes-base.gmail","nodeName":"Send a message","nodeId":"85450820-5b00-4699-bca3-84839a75101f"}}
{"__type":"$$EventMessageConfirm","confirm":"b7835e0e-46ea-4d74-b5f3-d9e0ff64027b","ts":"2026-05-02T16:28:26.424-04:00","source":{"id":"0","name":"eventBus"}}
{"__type":"$$EventMessageNode","id":"e8b39b5b-3698-47f0-8f60-ee8ac4203add","ts":"2026-05-02T16:28:26.846-04:00","eventName":"n8n.node.finished","message":"n8n.node.finished","payload":{"workflowId":"WH2GL8ExBSOWYzMP","workflowName":"My workflow","executionId":"3","nodeType":"n8n-nodes-base.gmail","nodeName":"Send a message","nodeId":"85450820-5b00-4699-bca3-84839a75101f"}}
{"__type":"$$EventMessageConfirm","confirm":"e8b39b5b-3698-47f0-8f60-ee8ac4203add","ts":"2026-05-02T16:28:26.846-04:00","source":{"id":"0","name":"eventBus"}}
{"__type":"$$EventMessageWorkflow","id":"f5c30378-b230-446d-a49d-dff9a2081834","ts":"2026-05-02T16:28:26.853-04:00","eventName":"n8n.workflow.success","message":"n8n.workflow.success","payload":{"userId":"8759ff25-d76b-4b0e-93b3-3d9d283d6775","executionId":"3","success":true,"isManual":true,"mode":"manual","workflowId":"WH2GL8ExBSOWYzMP","workflowName":"My workflow"}}
{"__type":"$$EventMessageConfirm","confirm":"f5c30378-b230-446d-a49d-dff9a2081834","ts":"2026-05-02T16:28:26.853-04:00","source":{"id":"0","name":"eventBus"}}
{"__type":"$$EventMessageAudit","id":"f2bb2ec9-07d2-4ce6-8800-4c653c217d15","ts":"2026-05-02T16:28:39.643-04:00","eventName":"n8n.audit.workflow.executed","message":"n8n.audit.workflow.executed","payload":{"workflowId":"kdCI557yNTF9PWmb","workflowName":"My workflow 2","executionId":"4","source":"webhook"}}
{"__type":"$$EventMessageConfirm","confirm":"f2bb2ec9-07d2-4ce6-8800-4c653c217d15","ts":"2026-05-02T16:28:39.644-04:00","source":{"id":"0","name":"eventBus"}}
{"__type":"$$EventMessageWorkflow","id":"7bacc85b-db2c-4a1d-a3ba-7da8e222761e","ts":"2026-05-02T16:28:39.645-04:00","eventName":"n8n.workflow.started","message":"n8n.workflow.started","payload":{"executionId":"4","workflowId":"kdCI557yNTF9PWmb","isManual":false,"mode":"webhook","workflowName":"My workflow 2"}}
{"__type":"$$EventMessageConfirm","confirm":"7bacc85b-db2c-4a1d-a3ba-7da8e222761e","ts":"2026-05-02T16:28:39.645-04:00","source":{"id":"0","name":"eventBus"}}
{"__type":"$$EventMessageNode","id":"12ed6910-f5b3-4507-bd68-62b56bc2cb2d","ts":"2026-05-02T16:28:39.646-04:00","eventName":"n8n.node.started","message":"n8n.node.started","payload":{"workflowId":"kdCI557yNTF9PWmb","workflowName":"My workflow 2","executionId":"4","nodeType":"n8n-nodes-base.webhook","nodeName":"Webhook","nodeId":"49740000-3967-4997-b7dc-cae20e405b1d"}}
{"__type":"$$EventMessageConfirm","confirm":"12ed6910-f5b3-4507-bd68-62b56bc2cb2d","ts":"2026-05-02T16:28:39.646-04:00","source":{"id":"0","name":"eventBus"}}
{"__type":"$$EventMessageNode","id":"4b026a14-ae4a-425c-ba12-6ea581ef3f4f","ts":"2026-05-02T16:28:39.647-04:00","eventName":"n8n.node.finished","message":"n8n.node.finished","payload":{"workflowId":"kdCI557yNTF9PWmb","workflowName":"My workflow 2","executionId":"4","nodeType":"n8n-nodes-base.webhook","nodeName":"Webhook","nodeId":"49740000-3967-4997-b7dc-cae20e405b1d"}}
{"__type":"$$EventMessageConfirm","confirm":"4b026a14-ae4a-425c-ba12-6ea581ef3f4f","ts":"2026-05-02T16:28:39.648-04:00","source":{"id":"0","name":"eventBus"}}
{"__type":"$$EventMessageNode","id":"98d99506-e098-4b7b-9410-b578ebf096ab","ts":"2026-05-02T16:28:39.649-04:00","eventName":"n8n.node.started","message":"n8n.node.started","payload":{"workflowId":"kdCI557yNTF9PWmb","workflowName":"My workflow 2","executionId":"4","nodeType":"n8n-nodes-base.httpRequest","nodeName":"HTTP Request","nodeId":"87ecbc8b-184d-4d84-9444-8ab700ad43cd"}}
{"__type":"$$EventMessageConfirm","confirm":"98d99506-e098-4b7b-9410-b578ebf096ab","ts":"2026-05-02T16:28:39.649-04:00","source":{"id":"0","name":"eventBus"}}
{"__type":"$$EventMessageNode","id":"7c1b6b20-6a37-432a-8712-32f89066fd91","ts":"2026-05-02T16:28:40.338-04:00","eventName":"n8n.node.finished","message":"n8n.node.finished","payload":{"workflowId":"kdCI557yNTF9PWmb","workflowName":"My workflow 2","executionId":"4","nodeType":"n8n-nodes-base.httpRequest","nodeName":"HTTP Request","nodeId":"87ecbc8b-184d-4d84-9444-8ab700ad43cd"}}
{"__type":"$$EventMessageConfirm","confirm":"7c1b6b20-6a37-432a-8712-32f89066fd91","ts":"2026-05-02T16:28:40.339-04:00","source":{"id":"0","name":"eventBus"}}
{"__type":"$$EventMessageNode","id":"0e0920c6-4c86-4eb2-840d-5a673ed2bd65","ts":"2026-05-02T16:28:40.339-04:00","eventName":"n8n.node.started","message":"n8n.node.started","payload":{"workflowId":"kdCI557yNTF9PWmb","workflowName":"My workflow 2","executionId":"4","nodeType":"n8n-nodes-base.gmail","nodeName":"Send a message","nodeId":"1f7c3933-e75c-4d4f-987a-fc14f608111b"}}
{"__type":"$$EventMessageConfirm","confirm":"0e0920c6-4c86-4eb2-840d-5a673ed2bd65","ts":"2026-05-02T16:28:40.339-04:00","source":{"id":"0","name":"eventBus"}}
{"__type":"$$EventMessageNode","id":"4065072f-b2e0-42e5-88a3-a95dba29e651","ts":"2026-05-02T16:28:40.741-04:00","eventName":"n8n.node.finished","message":"n8n.node.finished","payload":{"workflowId":"kdCI557yNTF9PWmb","workflowName":"My workflow 2","executionId":"4","nodeType":"n8n-nodes-base.gmail","nodeName":"Send a message","nodeId":"1f7c3933-e75c-4d4f-987a-fc14f608111b"}}
{"__type":"$$EventMessageConfirm","confirm":"4065072f-b2e0-42e5-88a3-a95dba29e651","ts":"2026-05-02T16:28:40.741-04:00","source":{"id":"0","name":"eventBus"}}
{"__type":"$$EventMessageNode","id":"217507e3-e6f7-4b36-a406-c385c7ee53f7","ts":"2026-05-02T16:28:40.742-04:00","eventName":"n8n.node.started","message":"n8n.node.started","payload":{"workflowId":"kdCI557yNTF9PWmb","workflowName":"My workflow 2","executionId":"4","nodeType":"n8n-nodes-base.respondToWebhook","nodeName":"Respond to Webhook","nodeId":"0fd55e9c-da0c-4e6d-9712-17f071cfb0b8"}}
{"__type":"$$EventMessageConfirm","confirm":"217507e3-e6f7-4b36-a406-c385c7ee53f7","ts":"2026-05-02T16:28:40.742-04:00","source":{"id":"0","name":"eventBus"}}
{"__type":"$$EventMessageNode","id":"49be12f2-dc01-46b3-bec5-71f910898a08","ts":"2026-05-02T16:28:40.821-04:00","eventName":"n8n.node.finished","message":"n8n.node.finished","payload":{"workflowId":"kdCI557yNTF9PWmb","workflowName":"My workflow 2","executionId":"4","nodeType":"n8n-nodes-base.respondToWebhook","nodeName":"Respond to Webhook","nodeId":"0fd55e9c-da0c-4e6d-9712-17f071cfb0b8"}}
{"__type":"$$EventMessageConfirm","confirm":"49be12f2-dc01-46b3-bec5-71f910898a08","ts":"2026-05-02T16:28:40.822-04:00","source":{"id":"0","name":"eventBus"}}
{"__type":"$$EventMessageWorkflow","id":"8972deff-6d78-499a-9036-4f9a8c03913f","ts":"2026-05-02T16:28:40.824-04:00","eventName":"n8n.workflow.success","message":"n8n.workflow.success","payload":{"executionId":"4","success":true,"isManual":false,"mode":"webhook","workflowId":"kdCI557yNTF9PWmb","workflowName":"My workflow 2"}}
{"__type":"$$EventMessageConfirm","confirm":"8972deff-6d78-499a-9036-4f9a8c03913f","ts":"2026-05-02T16:28:40.825-04:00","source":{"id":"0","name":"eventBus"}}
{"__type":"$$EventMessageAudit","id":"e0853384-7b0f-4ab9-b337-db9539b287c4","ts":"2026-05-02T16:29:08.862-04:00","eventName":"n8n.audit.workflow.executed","message":"n8n.audit.workflow.executed","payload":{"workflowId":"kdCI557yNTF9PWmb","workflowName":"My workflow 2","executionId":"5","source":"webhook"}}
{"__type":"$$EventMessageConfirm","confirm":"e0853384-7b0f-4ab9-b337-db9539b287c4","ts":"2026-05-02T16:29:08.863-04:00","source":{"id":"0","name":"eventBus"}}
{"__type":"$$EventMessageWorkflow","id":"4555b9cc-a7a9-40e2-8689-06b3acae82da","ts":"2026-05-02T16:29:08.863-04:00","eventName":"n8n.workflow.started","message":"n8n.workflow.started","payload":{"executionId":"5","workflowId":"kdCI557yNTF9PWmb","isManual":false,"mode":"webhook","workflowName":"My workflow 2"}}
{"__type":"$$EventMessageConfirm","confirm":"4555b9cc-a7a9-40e2-8689-06b3acae82da","ts":"2026-05-02T16:29:08.863-04:00","source":{"id":"0","name":"eventBus"}}
{"__type":"$$EventMessageNode","id":"497e8f8e-0aa5-47ee-a62d-507aaf3b5d8a","ts":"2026-05-02T16:29:08.863-04:00","eventName":"n8n.node.started","message":"n8n.node.started","payload":{"workflowId":"kdCI557yNTF9PWmb","workflowName":"My workflow 2","executionId":"5","nodeType":"n8n-nodes-base.webhook","nodeName":"Webhook","nodeId":"49740000-3967-4997-b7dc-cae20e405b1d"}}
{"__type":"$$EventMessageConfirm","confirm":"497e8f8e-0aa5-47ee-a62d-507aaf3b5d8a","ts":"2026-05-02T16:29:08.863-04:00","source":{"id":"0","name":"eventBus"}}
{"__type":"$$EventMessageNode","id":"33c061d7-2658-4f51-a8ce-91c69a23bead","ts":"2026-05-02T16:29:08.864-04:00","eventName":"n8n.node.finished","message":"n8n.node.finished","payload":{"workflowId":"kdCI557yNTF9PWmb","workflowName":"My workflow 2","executionId":"5","nodeType":"n8n-nodes-base.webhook","nodeName":"Webhook","nodeId":"49740000-3967-4997-b7dc-cae20e405b1d"}}
{"__type":"$$EventMessageConfirm","confirm":"33c061d7-2658-4f51-a8ce-91c69a23bead","ts":"2026-05-02T16:29:08.864-04:00","source":{"id":"0","name":"eventBus"}}
{"__type":"$$EventMessageNode","id":"eff95118-c5c7-4147-a362-1c5633a79baf","ts":"2026-05-02T16:29:08.864-04:00","eventName":"n8n.node.started","message":"n8n.node.started","payload":{"workflowId":"kdCI557yNTF9PWmb","workflowName":"My workflow 2","executionId":"5","nodeType":"n8n-nodes-base.httpRequest","nodeName":"HTTP Request","nodeId":"87ecbc8b-184d-4d84-9444-8ab700ad43cd"}}
{"__type":"$$EventMessageConfirm","confirm":"eff95118-c5c7-4147-a362-1c5633a79baf","ts":"2026-05-02T16:29:08.864-04:00","source":{"id":"0","name":"eventBus"}}
{"__type":"$$EventMessageNode","id":"09816b32-3dab-4c65-9aa5-de34659bef96","ts":"2026-05-02T16:29:09.565-04:00","eventName":"n8n.node.finished","message":"n8n.node.finished","payload":{"workflowId":"kdCI557yNTF9PWmb","workflowName":"My workflow 2","executionId":"5","nodeType":"n8n-nodes-base.httpRequest","nodeName":"HTTP Request","nodeId":"87ecbc8b-184d-4d84-9444-8ab700ad43cd"}}
{"__type":"$$EventMessageConfirm","confirm":"09816b32-3dab-4c65-9aa5-de34659bef96","ts":"2026-05-02T16:29:09.565-04:00","source":{"id":"0","name":"eventBus"}}
{"__type":"$$EventMessageNode","id":"00355845-f5a8-42ce-8665-f1b5e63e04f9","ts":"2026-05-02T16:29:09.565-04:00","eventName":"n8n.node.started","message":"n8n.node.started","payload":{"workflowId":"kdCI557yNTF9PWmb","workflowName":"My workflow 2","executionId":"5","nodeType":"n8n-nodes-base.gmail","nodeName":"Send a message","nodeId":"1f7c3933-e75c-4d4f-987a-fc14f608111b"}}
{"__type":"$$EventMessageConfirm","confirm":"00355845-f5a8-42ce-8665-f1b5e63e04f9","ts":"2026-05-02T16:29:09.565-04:00","source":{"id":"0","name":"eventBus"}}
{"__type":"$$EventMessageNode","id":"faf2b9ab-86eb-427c-8061-75b532a78b1e","ts":"2026-05-02T16:29:09.911-04:00","eventName":"n8n.node.finished","message":"n8n.node.finished","payload":{"workflowId":"kdCI557yNTF9PWmb","workflowName":"My workflow 2","executionId":"5","nodeType":"n8n-nodes-base.gmail","nodeName":"Send a message","nodeId":"1f7c3933-e75c-4d4f-987a-fc14f608111b"}}
{"__type":"$$EventMessageConfirm","confirm":"faf2b9ab-86eb-427c-8061-75b532a78b1e","ts":"2026-05-02T16:29:09.912-04:00","source":{"id":"0","name":"eventBus"}}
{"__type":"$$EventMessageNode","id":"6cd61e74-c2b3-4dc6-86e8-c517e2736290","ts":"2026-05-02T16:29:09.912-04:00","eventName":"n8n.node.started","message":"n8n.node.started","payload":{"workflowId":"kdCI557yNTF9PWmb","workflowName":"My workflow 2","executionId":"5","nodeType":"n8n-nodes-base.respondToWebhook","nodeName":"Respond to Webhook","nodeId":"0fd55e9c-da0c-4e6d-9712-17f071cfb0b8"}}
{"__type":"$$EventMessageConfirm","confirm":"6cd61e74-c2b3-4dc6-86e8-c517e2736290","ts":"2026-05-02T16:29:09.912-04:00","source":{"id":"0","name":"eventBus"}}
{"__type":"$$EventMessageNode","id":"cbdbe531-f77c-4574-a3dc-77bc248fc190","ts":"2026-05-02T16:29:09.913-04:00","eventName":"n8n.node.finished","message":"n8n.node.finished","payload":{"workflowId":"kdCI557yNTF9PWmb","workflowName":"My workflow 2","executionId":"5","nodeType":"n8n-nodes-base.respondToWebhook","nodeName":"Respond to Webhook","nodeId":"0fd55e9c-da0c-4e6d-9712-17f071cfb0b8"}}
{"__type":"$$EventMessageConfirm","confirm":"cbdbe531-f77c-4574-a3dc-77bc248fc190","ts":"2026-05-02T16:29:09.913-04:00","source":{"id":"0","name":"eventBus"}}
{"__type":"$$EventMessageWorkflow","id":"bcb47a6c-37db-489b-b612-ff2aae7be087","ts":"2026-05-02T16:29:09.914-04:00","eventName":"n8n.workflow.success","message":"n8n.workflow.success","payload":{"executionId":"5","success":true,"isManual":false,"mode":"webhook","workflowId":"kdCI557yNTF9PWmb","workflowName":"My workflow 2"}}
{"__type":"$$EventMessageConfirm","confirm":"bcb47a6c-37db-489b-b612-ff2aae7be087","ts":"2026-05-02T16:29:09.914-04:00","source":{"id":"0","name":"eventBus"}}
